C:\Program Files\Python310\python.exe: can't open file 'W:\\Users\\walys\\Documentos\\Projetos Python\\emby-karaoke\\app\\main.py': [Errno 2] No such file or directory
